Found: F:\Win32Binaries\MyCygwin\bin\awk
Found: F:\Win32Binaries\MyCygwin\bin\awk
 -> F:\Win32Binaries\MyCygwin\bin\gawk.exe
F:\Win32Binaries\MyCygwin\bin\gawk.exe
  F:\Win32Binaries\MyCygwin\bin\cygwin1.dll
    C:\Windows\system32\KERNEL32.dll
      C:\Windows\system32\api-ms-win-core-rtlsupport-l1-2-0.dll
      C:\Windows\system32\ntdll.dll
      C:\Windows\system32\KERNELBASE.dll
        C:\Windows\system32\api-ms-win-core-apiquery-l1-1-0.dll
      C:\Windows\system32\api-ms-win-core-processthreads-l1-1-1.dll
      C:\Windows\system32\api-ms-win-core-registry-l1-1-0.dll
      C:\Windows\system32\api-ms-win-core-heap-l1-2-0.dll
      C:\Windows\system32\api-ms-win-core-memory-l1-1-1.dll
      C:\Windows\system32\api-ms-win-core-handle-l1-1-0.dll
      C:\Windows\system32\api-ms-win-core-synch-l1-2-0.dll
      C:\Windows\system32\api-ms-win-core-file-l1-2-0.dll
      C:\Windows\system32\api-ms-win-core-delayload-l1-1-1.dll
      C:\Windows\system32\api-ms-win-core-io-l1-1-1.dll
      C:\Windows\system32\api-ms-win-core-job-l1-1-0.dll
      C:\Windows\system32\api-ms-win-core-threadpool-legacy-l1-1-0.dll
      C:\Windows\system32\api-ms-win-core-threadpool-private-l1-1-0.dll
      C:\Windows\system32\api-ms-win-core-libraryloader-l1-1-1.dll
      C:\Windows\system32\api-ms-win-core-namedpipe-l1-2-0.dll
      C:\Windows\system32\api-ms-win-core-datetime-l1-1-1.dll
      C:\Windows\system32\api-ms-win-core-sysinfo-l1-2-0.dll
      C:\Windows\system32\api-ms-win-core-timezone-l1-1-0.dll
      C:\Windows\system32\api-ms-win-core-localization-l1-2-0.dll
      C:\Windows\system32\api-ms-win-core-processenvironment-l1-2-0.dll
      C:\Windows\system32\api-ms-win-core-string-l1-1-0.dll
      C:\Windows\system32\api-ms-win-core-debug-l1-1-1.dll
      C:\Windows\system32\api-ms-win-core-errorhandling-l1-1-1.dll
      C:\Windows\system32\api-ms-win-core-fibers-l1-1-1.dll
      C:\Windows\system32\api-ms-win-core-util-l1-1-0.dll
      C:\Windows\system32\api-ms-win-core-profile-l1-1-0.dll
      C:\Windows\system32\api-ms-win-security-base-l1-2-0.dll
      C:\Windows\system32\api-ms-win-security-appcontainer-l1-1-0.dll
      C:\Windows\system32\api-ms-win-core-comm-l1-1-0.dll
      C:\Windows\system32\api-ms-win-core-realtime-l1-1-0.dll
      C:\Windows\system32\api-ms-win-core-wow64-l1-1-0.dll
      C:\Windows\system32\api-ms-win-core-systemtopology-l1-1-0.dll
      C:\Windows\system32\api-ms-win-core-processtopology-l1-1-0.dll
      C:\Windows\system32\api-ms-win-core-namespace-l1-1-0.dll
      C:\Windows\system32\api-ms-win-core-file-l2-1-0.dll
      C:\Windows\system32\api-ms-win-core-localization-l2-1-0.dll
      C:\Windows\system32\api-ms-win-core-normalization-l1-1-0.dll
      C:\Windows\system32\api-ms-win-core-localization-private-l1-1-0.dll
      C:\Windows\system32\api-ms-win-core-sidebyside-l1-1-0.dll
      C:\Windows\system32\api-ms-win-core-appcompat-l1-1-0.dll
      C:\Windows\system32\api-ms-win-core-windowserrorreporting-l1-1-0.dll
      C:\Windows\system32\api-ms-win-core-console-l1-1-0.dll
      C:\Windows\system32\api-ms-win-core-console-l2-1-0.dll
      C:\Windows\system32\api-ms-win-core-psapi-l1-1-0.dll
      C:\Windows\system32\api-ms-win-core-psapi-ansi-l1-1-0.dll
      C:\Windows\system32\api-ms-win-core-psapi-obsolete-l1-1-0.dll
  F:\Win32Binaries\MyCygwin\bin\cyggmp-10.dll
  F:\Win32Binaries\MyCygwin\bin\cygintl-8.dll
    F:\Win32Binaries\MyCygwin\bin\cygiconv-2.dll
  F:\Win32Binaries\MyCygwin\bin\cygmpfr-4.dll
    F:\Win32Binaries\MyCygwin\bin\cyggcc_s-seh-1.dll
  F:\Win32Binaries\MyCygwin\bin\cygreadline7.dll
    F:\Win32Binaries\MyCygwin\bin\cygncursesw-10.dll
    C:\Windows\system32\USER32.dll
      C:\Windows\system32\api-ms-win-eventing-provider-l1-1-0.dll
      C:\Windows\system32\api-ms-win-core-string-l2-1-0.dll
      C:\Windows\system32\api-ms-win-core-privateprofile-l1-1-0.dll
      C:\Windows\system32\api-ms-win-core-heap-obsolete-l1-1-0.dll
      C:\Windows\system32\api-ms-win-core-atoms-l1-1-0.dll
      C:\Windows\system32\api-ms-win-core-string-obsolete-l1-1-0.dll
      C:\Windows\system32\api-ms-win-core-localization-obsolete-l1-1-0.dll
      C:\Windows\system32\api-ms-win-core-stringansi-l1-1-0.dll
      C:\Windows\system32\api-ms-win-core-kernel32-private-l1-1-0.dll
      C:\Windows\system32\api-ms-win-core-kernel32-legacy-l1-1-0.dll
      C:\Windows\system32\api-ms-win-core-appinit-l1-1-0.dll
      C:\Windows\system32\GDI32.dll

Found: F:\Win32Binaries\MyCygwin\bin\bash.exe
Found: F:\Win32Binaries\MyCygwin\bin\bash.exe
F:\Win32Binaries\MyCygwin\bin\bash.exe
  F:\Win32Binaries\MyCygwin\bin\cygwin1.dll
    C:\Windows\system32\KERNEL32.dll
      C:\Windows\system32\api-ms-win-core-rtlsupport-l1-2-0.dll
      C:\Windows\system32\ntdll.dll
      C:\Windows\system32\KERNELBASE.dll
        C:\Windows\system32\api-ms-win-core-apiquery-l1-1-0.dll
      C:\Windows\system32\api-ms-win-core-processthreads-l1-1-1.dll
      C:\Windows\system32\api-ms-win-core-registry-l1-1-0.dll
      C:\Windows\system32\api-ms-win-core-heap-l1-2-0.dll
      C:\Windows\system32\api-ms-win-core-memory-l1-1-1.dll
      C:\Windows\system32\api-ms-win-core-handle-l1-1-0.dll
      C:\Windows\system32\api-ms-win-core-synch-l1-2-0.dll
      C:\Windows\system32\api-ms-win-core-file-l1-2-0.dll
      C:\Windows\system32\api-ms-win-core-delayload-l1-1-1.dll
      C:\Windows\system32\api-ms-win-core-io-l1-1-1.dll
      C:\Windows\system32\api-ms-win-core-job-l1-1-0.dll
      C:\Windows\system32\api-ms-win-core-threadpool-legacy-l1-1-0.dll
      C:\Windows\system32\api-ms-win-core-threadpool-private-l1-1-0.dll
      C:\Windows\system32\api-ms-win-core-libraryloader-l1-1-1.dll
      C:\Windows\system32\api-ms-win-core-namedpipe-l1-2-0.dll
      C:\Windows\system32\api-ms-win-core-datetime-l1-1-1.dll
      C:\Windows\system32\api-ms-win-core-sysinfo-l1-2-0.dll
      C:\Windows\system32\api-ms-win-core-timezone-l1-1-0.dll
      C:\Windows\system32\api-ms-win-core-localization-l1-2-0.dll
      C:\Windows\system32\api-ms-win-core-processenvironment-l1-2-0.dll
      C:\Windows\system32\api-ms-win-core-string-l1-1-0.dll
      C:\Windows\system32\api-ms-win-core-debug-l1-1-1.dll
      C:\Windows\system32\api-ms-win-core-errorhandling-l1-1-1.dll
      C:\Windows\system32\api-ms-win-core-fibers-l1-1-1.dll
      C:\Windows\system32\api-ms-win-core-util-l1-1-0.dll
      C:\Windows\system32\api-ms-win-core-profile-l1-1-0.dll
      C:\Windows\system32\api-ms-win-security-base-l1-2-0.dll
      C:\Windows\system32\api-ms-win-security-appcontainer-l1-1-0.dll
      C:\Windows\system32\api-ms-win-core-comm-l1-1-0.dll
      C:\Windows\system32\api-ms-win-core-realtime-l1-1-0.dll
      C:\Windows\system32\api-ms-win-core-wow64-l1-1-0.dll
      C:\Windows\system32\api-ms-win-core-systemtopology-l1-1-0.dll
      C:\Windows\system32\api-ms-win-core-processtopology-l1-1-0.dll
      C:\Windows\system32\api-ms-win-core-namespace-l1-1-0.dll
      C:\Windows\system32\api-ms-win-core-file-l2-1-0.dll
      C:\Windows\system32\api-ms-win-core-localization-l2-1-0.dll
      C:\Windows\system32\api-ms-win-core-normalization-l1-1-0.dll
      C:\Windows\system32\api-ms-win-core-localization-private-l1-1-0.dll
      C:\Windows\system32\api-ms-win-core-sidebyside-l1-1-0.dll
      C:\Windows\system32\api-ms-win-core-appcompat-l1-1-0.dll
      C:\Windows\system32\api-ms-win-core-windowserrorreporting-l1-1-0.dll
      C:\Windows\system32\api-ms-win-core-console-l1-1-0.dll
      C:\Windows\system32\api-ms-win-core-console-l2-1-0.dll
      C:\Windows\system32\api-ms-win-core-psapi-l1-1-0.dll
      C:\Windows\system32\api-ms-win-core-psapi-ansi-l1-1-0.dll
      C:\Windows\system32\api-ms-win-core-psapi-obsolete-l1-1-0.dll
  F:\Win32Binaries\MyCygwin\bin\cygiconv-2.dll
  F:\Win32Binaries\MyCygwin\bin\cygintl-8.dll
  F:\Win32Binaries\MyCygwin\bin\cygncursesw-10.dll
  F:\Win32Binaries\MyCygwin\bin\cygreadline7.dll
    C:\Windows\system32\USER32.dll
      C:\Windows\system32\api-ms-win-eventing-provider-l1-1-0.dll
      C:\Windows\system32\api-ms-win-core-string-l2-1-0.dll
      C:\Windows\system32\api-ms-win-core-privateprofile-l1-1-0.dll
      C:\Windows\system32\api-ms-win-core-heap-obsolete-l1-1-0.dll
      C:\Windows\system32\api-ms-win-core-atoms-l1-1-0.dll
      C:\Windows\system32\api-ms-win-core-string-obsolete-l1-1-0.dll
      C:\Windows\system32\api-ms-win-core-localization-obsolete-l1-1-0.dll
      C:\Windows\system32\api-ms-win-core-stringansi-l1-1-0.dll
      C:\Windows\system32\api-ms-win-core-kernel32-private-l1-1-0.dll
      C:\Windows\system32\api-ms-win-core-kernel32-legacy-l1-1-0.dll
      C:\Windows\system32\api-ms-win-core-appinit-l1-1-0.dll
      C:\Windows\system32\GDI32.dll

Found: F:\Win32Binaries\MyCygwin\bin\bunzip2.exe
Found: F:\Win32Binaries\MyCygwin\bin\bunzip2.exe
F:\Win32Binaries\MyCygwin\bin\bunzip2.exe
  F:\Win32Binaries\MyCygwin\bin\cygbz2-1.dll
    F:\Win32Binaries\MyCygwin\bin\cygwin1.dll
      C:\Windows\system32\KERNEL32.dll
        C:\Windows\system32\api-ms-win-core-rtlsupport-l1-2-0.dll
        C:\Windows\system32\ntdll.dll
        C:\Windows\system32\KERNELBASE.dll
          C:\Windows\system32\api-ms-win-core-apiquery-l1-1-0.dll
        C:\Windows\system32\api-ms-win-core-processthreads-l1-1-1.dll
        C:\Windows\system32\api-ms-win-core-registry-l1-1-0.dll
        C:\Windows\system32\api-ms-win-core-heap-l1-2-0.dll
        C:\Windows\system32\api-ms-win-core-memory-l1-1-1.dll
        C:\Windows\system32\api-ms-win-core-handle-l1-1-0.dll
        C:\Windows\system32\api-ms-win-core-synch-l1-2-0.dll
        C:\Windows\system32\api-ms-win-core-file-l1-2-0.dll
        C:\Windows\system32\api-ms-win-core-delayload-l1-1-1.dll
        C:\Windows\system32\api-ms-win-core-io-l1-1-1.dll
        C:\Windows\system32\api-ms-win-core-job-l1-1-0.dll
        C:\Windows\system32\api-ms-win-core-threadpool-legacy-l1-1-0.dll
        C:\Windows\system32\api-ms-win-core-threadpool-private-l1-1-0.dll
        C:\Windows\system32\api-ms-win-core-libraryloader-l1-1-1.dll
        C:\Windows\system32\api-ms-win-core-namedpipe-l1-2-0.dll
        C:\Windows\system32\api-ms-win-core-datetime-l1-1-1.dll
        C:\Windows\system32\api-ms-win-core-sysinfo-l1-2-0.dll
        C:\Windows\system32\api-ms-win-core-timezone-l1-1-0.dll
        C:\Windows\system32\api-ms-win-core-localization-l1-2-0.dll
        C:\Windows\system32\api-ms-win-core-processenvironment-l1-2-0.dll
        C:\Windows\system32\api-ms-win-core-string-l1-1-0.dll
        C:\Windows\system32\api-ms-win-core-debug-l1-1-1.dll
        C:\Windows\system32\api-ms-win-core-errorhandling-l1-1-1.dll
        C:\Windows\system32\api-ms-win-core-fibers-l1-1-1.dll
        C:\Windows\system32\api-ms-win-core-util-l1-1-0.dll
        C:\Windows\system32\api-ms-win-core-profile-l1-1-0.dll
        C:\Windows\system32\api-ms-win-security-base-l1-2-0.dll
        C:\Windows\system32\api-ms-win-security-appcontainer-l1-1-0.dll
        C:\Windows\system32\api-ms-win-core-comm-l1-1-0.dll
        C:\Windows\system32\api-ms-win-core-realtime-l1-1-0.dll
        C:\Windows\system32\api-ms-win-core-wow64-l1-1-0.dll
        C:\Windows\system32\api-ms-win-core-systemtopology-l1-1-0.dll
        C:\Windows\system32\api-ms-win-core-processtopology-l1-1-0.dll
        C:\Windows\system32\api-ms-win-core-namespace-l1-1-0.dll
        C:\Windows\system32\api-ms-win-core-file-l2-1-0.dll
        C:\Windows\system32\api-ms-win-core-localization-l2-1-0.dll
        C:\Windows\system32\api-ms-win-core-normalization-l1-1-0.dll
        C:\Windows\system32\api-ms-win-core-localization-private-l1-1-0.dll
        C:\Windows\system32\api-ms-win-core-sidebyside-l1-1-0.dll
        C:\Windows\system32\api-ms-win-core-appcompat-l1-1-0.dll
        C:\Windows\system32\api-ms-win-core-windowserrorreporting-l1-1-0.dll
        C:\Windows\system32\api-ms-win-core-console-l1-1-0.dll
        C:\Windows\system32\api-ms-win-core-console-l2-1-0.dll
        C:\Windows\system32\api-ms-win-core-psapi-l1-1-0.dll
        C:\Windows\system32\api-ms-win-core-psapi-ansi-l1-1-0.dll
        C:\Windows\system32\api-ms-win-core-psapi-obsolete-l1-1-0.dll

Found: F:\Win32Binaries\MyCygwin\bin\grep.exe
Found: F:\Win32Binaries\MyCygwin\bin\grep.exe
F:\Win32Binaries\MyCygwin\bin\grep.exe
  F:\Win32Binaries\MyCygwin\bin\cygwin1.dll
    C:\Windows\system32\KERNEL32.dll
      C:\Windows\system32\api-ms-win-core-rtlsupport-l1-2-0.dll
      C:\Windows\system32\ntdll.dll
      C:\Windows\system32\KERNELBASE.dll
        C:\Windows\system32\api-ms-win-core-apiquery-l1-1-0.dll
      C:\Windows\system32\api-ms-win-core-processthreads-l1-1-1.dll
      C:\Windows\system32\api-ms-win-core-registry-l1-1-0.dll
      C:\Windows\system32\api-ms-win-core-heap-l1-2-0.dll
      C:\Windows\system32\api-ms-win-core-memory-l1-1-1.dll
      C:\Windows\system32\api-ms-win-core-handle-l1-1-0.dll
      C:\Windows\system32\api-ms-win-core-synch-l1-2-0.dll
      C:\Windows\system32\api-ms-win-core-file-l1-2-0.dll
      C:\Windows\system32\api-ms-win-core-delayload-l1-1-1.dll
      C:\Windows\system32\api-ms-win-core-io-l1-1-1.dll
      C:\Windows\system32\api-ms-win-core-job-l1-1-0.dll
      C:\Windows\system32\api-ms-win-core-threadpool-legacy-l1-1-0.dll
      C:\Windows\system32\api-ms-win-core-threadpool-private-l1-1-0.dll
      C:\Windows\system32\api-ms-win-core-libraryloader-l1-1-1.dll
      C:\Windows\system32\api-ms-win-core-namedpipe-l1-2-0.dll
      C:\Windows\system32\api-ms-win-core-datetime-l1-1-1.dll
      C:\Windows\system32\api-ms-win-core-sysinfo-l1-2-0.dll
      C:\Windows\system32\api-ms-win-core-timezone-l1-1-0.dll
      C:\Windows\system32\api-ms-win-core-localization-l1-2-0.dll
      C:\Windows\system32\api-ms-win-core-processenvironment-l1-2-0.dll
      C:\Windows\system32\api-ms-win-core-string-l1-1-0.dll
      C:\Windows\system32\api-ms-win-core-debug-l1-1-1.dll
      C:\Windows\system32\api-ms-win-core-errorhandling-l1-1-1.dll
      C:\Windows\system32\api-ms-win-core-fibers-l1-1-1.dll
      C:\Windows\system32\api-ms-win-core-util-l1-1-0.dll
      C:\Windows\system32\api-ms-win-core-profile-l1-1-0.dll
      C:\Windows\system32\api-ms-win-security-base-l1-2-0.dll
      C:\Windows\system32\api-ms-win-security-appcontainer-l1-1-0.dll
      C:\Windows\system32\api-ms-win-core-comm-l1-1-0.dll
      C:\Windows\system32\api-ms-win-core-realtime-l1-1-0.dll
      C:\Windows\system32\api-ms-win-core-wow64-l1-1-0.dll
      C:\Windows\system32\api-ms-win-core-systemtopology-l1-1-0.dll
      C:\Windows\system32\api-ms-win-core-processtopology-l1-1-0.dll
      C:\Windows\system32\api-ms-win-core-namespace-l1-1-0.dll
      C:\Windows\system32\api-ms-win-core-file-l2-1-0.dll
      C:\Windows\system32\api-ms-win-core-localization-l2-1-0.dll
      C:\Windows\system32\api-ms-win-core-normalization-l1-1-0.dll
      C:\Windows\system32\api-ms-win-core-localization-private-l1-1-0.dll
      C:\Windows\system32\api-ms-win-core-sidebyside-l1-1-0.dll
      C:\Windows\system32\api-ms-win-core-appcompat-l1-1-0.dll
      C:\Windows\system32\api-ms-win-core-windowserrorreporting-l1-1-0.dll
      C:\Windows\system32\api-ms-win-core-console-l1-1-0.dll
      C:\Windows\system32\api-ms-win-core-console-l2-1-0.dll
      C:\Windows\system32\api-ms-win-core-psapi-l1-1-0.dll
      C:\Windows\system32\api-ms-win-core-psapi-ansi-l1-1-0.dll
      C:\Windows\system32\api-ms-win-core-psapi-obsolete-l1-1-0.dll
  F:\Win32Binaries\MyCygwin\bin\cygiconv-2.dll
  F:\Win32Binaries\MyCygwin\bin\cygintl-8.dll
  F:\Win32Binaries\MyCygwin\bin\cygpcre-1.dll

Found: F:\Win32Binaries\MyCygwin\bin\gzip.exe
Found: F:\Win32Binaries\MyCygwin\bin\gzip.exe
F:\Win32Binaries\MyCygwin\bin\gzip.exe
  F:\Win32Binaries\MyCygwin\bin\cygwin1.dll
    C:\Windows\system32\KERNEL32.dll
      C:\Windows\system32\api-ms-win-core-rtlsupport-l1-2-0.dll
      C:\Windows\system32\ntdll.dll
      C:\Windows\system32\KERNELBASE.dll
        C:\Windows\system32\api-ms-win-core-apiquery-l1-1-0.dll
      C:\Windows\system32\api-ms-win-core-processthreads-l1-1-1.dll
      C:\Windows\system32\api-ms-win-core-registry-l1-1-0.dll
      C:\Windows\system32\api-ms-win-core-heap-l1-2-0.dll
      C:\Windows\system32\api-ms-win-core-memory-l1-1-1.dll
      C:\Windows\system32\api-ms-win-core-handle-l1-1-0.dll
      C:\Windows\system32\api-ms-win-core-synch-l1-2-0.dll
      C:\Windows\system32\api-ms-win-core-file-l1-2-0.dll
      C:\Windows\system32\api-ms-win-core-delayload-l1-1-1.dll
      C:\Windows\system32\api-ms-win-core-io-l1-1-1.dll
      C:\Windows\system32\api-ms-win-core-job-l1-1-0.dll
      C:\Windows\system32\api-ms-win-core-threadpool-legacy-l1-1-0.dll
      C:\Windows\system32\api-ms-win-core-threadpool-private-l1-1-0.dll
      C:\Windows\system32\api-ms-win-core-libraryloader-l1-1-1.dll
      C:\Windows\system32\api-ms-win-core-namedpipe-l1-2-0.dll
      C:\Windows\system32\api-ms-win-core-datetime-l1-1-1.dll
      C:\Windows\system32\api-ms-win-core-sysinfo-l1-2-0.dll
      C:\Windows\system32\api-ms-win-core-timezone-l1-1-0.dll
      C:\Windows\system32\api-ms-win-core-localization-l1-2-0.dll
      C:\Windows\system32\api-ms-win-core-processenvironment-l1-2-0.dll
      C:\Windows\system32\api-ms-win-core-string-l1-1-0.dll
      C:\Windows\system32\api-ms-win-core-debug-l1-1-1.dll
      C:\Windows\system32\api-ms-win-core-errorhandling-l1-1-1.dll
      C:\Windows\system32\api-ms-win-core-fibers-l1-1-1.dll
      C:\Windows\system32\api-ms-win-core-util-l1-1-0.dll
      C:\Windows\system32\api-ms-win-core-profile-l1-1-0.dll
      C:\Windows\system32\api-ms-win-security-base-l1-2-0.dll
      C:\Windows\system32\api-ms-win-security-appcontainer-l1-1-0.dll
      C:\Windows\system32\api-ms-win-core-comm-l1-1-0.dll
      C:\Windows\system32\api-ms-win-core-realtime-l1-1-0.dll
      C:\Windows\system32\api-ms-win-core-wow64-l1-1-0.dll
      C:\Windows\system32\api-ms-win-core-systemtopology-l1-1-0.dll
      C:\Windows\system32\api-ms-win-core-processtopology-l1-1-0.dll
      C:\Windows\system32\api-ms-win-core-namespace-l1-1-0.dll
      C:\Windows\system32\api-ms-win-core-file-l2-1-0.dll
      C:\Windows\system32\api-ms-win-core-localization-l2-1-0.dll
      C:\Windows\system32\api-ms-win-core-normalization-l1-1-0.dll
      C:\Windows\system32\api-ms-win-core-localization-private-l1-1-0.dll
      C:\Windows\system32\api-ms-win-core-sidebyside-l1-1-0.dll
      C:\Windows\system32\api-ms-win-core-appcompat-l1-1-0.dll
      C:\Windows\system32\api-ms-win-core-windowserrorreporting-l1-1-0.dll
      C:\Windows\system32\api-ms-win-core-console-l1-1-0.dll
      C:\Windows\system32\api-ms-win-core-console-l2-1-0.dll
      C:\Windows\system32\api-ms-win-core-psapi-l1-1-0.dll
      C:\Windows\system32\api-ms-win-core-psapi-ansi-l1-1-0.dll
      C:\Windows\system32\api-ms-win-core-psapi-obsolete-l1-1-0.dll

Found: F:\Win32Binaries\MyCygwin\bin\mv.exe
Found: F:\Win32Binaries\MyCygwin\bin\mv.exe
F:\Win32Binaries\MyCygwin\bin\mv.exe
  F:\Win32Binaries\MyCygwin\bin\cygattr-1.dll
    F:\Win32Binaries\MyCygwin\bin\cygwin1.dll
      C:\Windows\system32\KERNEL32.dll
        C:\Windows\system32\api-ms-win-core-rtlsupport-l1-2-0.dll
        C:\Windows\system32\ntdll.dll
        C:\Windows\system32\KERNELBASE.dll
          C:\Windows\system32\api-ms-win-core-apiquery-l1-1-0.dll
        C:\Windows\system32\api-ms-win-core-processthreads-l1-1-1.dll
        C:\Windows\system32\api-ms-win-core-registry-l1-1-0.dll
        C:\Windows\system32\api-ms-win-core-heap-l1-2-0.dll
        C:\Windows\system32\api-ms-win-core-memory-l1-1-1.dll
        C:\Windows\system32\api-ms-win-core-handle-l1-1-0.dll
        C:\Windows\system32\api-ms-win-core-synch-l1-2-0.dll
        C:\Windows\system32\api-ms-win-core-file-l1-2-0.dll
        C:\Windows\system32\api-ms-win-core-delayload-l1-1-1.dll
        C:\Windows\system32\api-ms-win-core-io-l1-1-1.dll
        C:\Windows\system32\api-ms-win-core-job-l1-1-0.dll
        C:\Windows\system32\api-ms-win-core-threadpool-legacy-l1-1-0.dll
        C:\Windows\system32\api-ms-win-core-threadpool-private-l1-1-0.dll
        C:\Windows\system32\api-ms-win-core-libraryloader-l1-1-1.dll
        C:\Windows\system32\api-ms-win-core-namedpipe-l1-2-0.dll
        C:\Windows\system32\api-ms-win-core-datetime-l1-1-1.dll
        C:\Windows\system32\api-ms-win-core-sysinfo-l1-2-0.dll
        C:\Windows\system32\api-ms-win-core-timezone-l1-1-0.dll
        C:\Windows\system32\api-ms-win-core-localization-l1-2-0.dll
        C:\Windows\system32\api-ms-win-core-processenvironment-l1-2-0.dll
        C:\Windows\system32\api-ms-win-core-string-l1-1-0.dll
        C:\Windows\system32\api-ms-win-core-debug-l1-1-1.dll
        C:\Windows\system32\api-ms-win-core-errorhandling-l1-1-1.dll
        C:\Windows\system32\api-ms-win-core-fibers-l1-1-1.dll
        C:\Windows\system32\api-ms-win-core-util-l1-1-0.dll
        C:\Windows\system32\api-ms-win-core-profile-l1-1-0.dll
        C:\Windows\system32\api-ms-win-security-base-l1-2-0.dll
        C:\Windows\system32\api-ms-win-security-appcontainer-l1-1-0.dll
        C:\Windows\system32\api-ms-win-core-comm-l1-1-0.dll
        C:\Windows\system32\api-ms-win-core-realtime-l1-1-0.dll
        C:\Windows\system32\api-ms-win-core-wow64-l1-1-0.dll
        C:\Windows\system32\api-ms-win-core-systemtopology-l1-1-0.dll
        C:\Windows\system32\api-ms-win-core-processtopology-l1-1-0.dll
        C:\Windows\system32\api-ms-win-core-namespace-l1-1-0.dll
        C:\Windows\system32\api-ms-win-core-file-l2-1-0.dll
        C:\Windows\system32\api-ms-win-core-localization-l2-1-0.dll
        C:\Windows\system32\api-ms-win-core-normalization-l1-1-0.dll
        C:\Windows\system32\api-ms-win-core-localization-private-l1-1-0.dll
        C:\Windows\system32\api-ms-win-core-sidebyside-l1-1-0.dll
        C:\Windows\system32\api-ms-win-core-appcompat-l1-1-0.dll
        C:\Windows\system32\api-ms-win-core-windowserrorreporting-l1-1-0.dll
        C:\Windows\system32\api-ms-win-core-console-l1-1-0.dll
        C:\Windows\system32\api-ms-win-core-console-l2-1-0.dll
        C:\Windows\system32\api-ms-win-core-psapi-l1-1-0.dll
        C:\Windows\system32\api-ms-win-core-psapi-ansi-l1-1-0.dll
        C:\Windows\system32\api-ms-win-core-psapi-obsolete-l1-1-0.dll
    F:\Win32Binaries\MyCygwin\bin\cygintl-8.dll
      F:\Win32Binaries\MyCygwin\bin\cygiconv-2.dll

Found: F:\Win32Binaries\MyCygwin\bin\sed.exe
Found: F:\Win32Binaries\MyCygwin\bin\sed.exe
F:\Win32Binaries\MyCygwin\bin\sed.exe
  F:\Win32Binaries\MyCygwin\bin\cygwin1.dll
    C:\Windows\system32\KERNEL32.dll
      C:\Windows\system32\api-ms-win-core-rtlsupport-l1-2-0.dll
      C:\Windows\system32\ntdll.dll
      C:\Windows\system32\KERNELBASE.dll
        C:\Windows\system32\api-ms-win-core-apiquery-l1-1-0.dll
      C:\Windows\system32\api-ms-win-core-processthreads-l1-1-1.dll
      C:\Windows\system32\api-ms-win-core-registry-l1-1-0.dll
      C:\Windows\system32\api-ms-win-core-heap-l1-2-0.dll
      C:\Windows\system32\api-ms-win-core-memory-l1-1-1.dll
      C:\Windows\system32\api-ms-win-core-handle-l1-1-0.dll
      C:\Windows\system32\api-ms-win-core-synch-l1-2-0.dll
      C:\Windows\system32\api-ms-win-core-file-l1-2-0.dll
      C:\Windows\system32\api-ms-win-core-delayload-l1-1-1.dll
      C:\Windows\system32\api-ms-win-core-io-l1-1-1.dll
      C:\Windows\system32\api-ms-win-core-job-l1-1-0.dll
      C:\Windows\system32\api-ms-win-core-threadpool-legacy-l1-1-0.dll
      C:\Windows\system32\api-ms-win-core-threadpool-private-l1-1-0.dll
      C:\Windows\system32\api-ms-win-core-libraryloader-l1-1-1.dll
      C:\Windows\system32\api-ms-win-core-namedpipe-l1-2-0.dll
      C:\Windows\system32\api-ms-win-core-datetime-l1-1-1.dll
      C:\Windows\system32\api-ms-win-core-sysinfo-l1-2-0.dll
      C:\Windows\system32\api-ms-win-core-timezone-l1-1-0.dll
      C:\Windows\system32\api-ms-win-core-localization-l1-2-0.dll
      C:\Windows\system32\api-ms-win-core-processenvironment-l1-2-0.dll
      C:\Windows\system32\api-ms-win-core-string-l1-1-0.dll
      C:\Windows\system32\api-ms-win-core-debug-l1-1-1.dll
      C:\Windows\system32\api-ms-win-core-errorhandling-l1-1-1.dll
      C:\Windows\system32\api-ms-win-core-fibers-l1-1-1.dll
      C:\Windows\system32\api-ms-win-core-util-l1-1-0.dll
      C:\Windows\system32\api-ms-win-core-profile-l1-1-0.dll
      C:\Windows\system32\api-ms-win-security-base-l1-2-0.dll
      C:\Windows\system32\api-ms-win-security-appcontainer-l1-1-0.dll
      C:\Windows\system32\api-ms-win-core-comm-l1-1-0.dll
      C:\Windows\system32\api-ms-win-core-realtime-l1-1-0.dll
      C:\Windows\system32\api-ms-win-core-wow64-l1-1-0.dll
      C:\Windows\system32\api-ms-win-core-systemtopology-l1-1-0.dll
      C:\Windows\system32\api-ms-win-core-processtopology-l1-1-0.dll
      C:\Windows\system32\api-ms-win-core-namespace-l1-1-0.dll
      C:\Windows\system32\api-ms-win-core-file-l2-1-0.dll
      C:\Windows\system32\api-ms-win-core-localization-l2-1-0.dll
      C:\Windows\system32\api-ms-win-core-normalization-l1-1-0.dll
      C:\Windows\system32\api-ms-win-core-localization-private-l1-1-0.dll
      C:\Windows\system32\api-ms-win-core-sidebyside-l1-1-0.dll
      C:\Windows\system32\api-ms-win-core-appcompat-l1-1-0.dll
      C:\Windows\system32\api-ms-win-core-windowserrorreporting-l1-1-0.dll
      C:\Windows\system32\api-ms-win-core-console-l1-1-0.dll
      C:\Windows\system32\api-ms-win-core-console-l2-1-0.dll
      C:\Windows\system32\api-ms-win-core-psapi-l1-1-0.dll
      C:\Windows\system32\api-ms-win-core-psapi-ansi-l1-1-0.dll
      C:\Windows\system32\api-ms-win-core-psapi-obsolete-l1-1-0.dll
  F:\Win32Binaries\MyCygwin\bin\cygintl-8.dll
    F:\Win32Binaries\MyCygwin\bin\cygiconv-2.dll

Found: F:\Win32Binaries\MyCygwin\bin\tar.exe
Found: F:\Win32Binaries\MyCygwin\bin\tar.exe
F:\Win32Binaries\MyCygwin\bin\tar.exe
  F:\Win32Binaries\MyCygwin\bin\cygwin1.dll
    C:\Windows\system32\KERNEL32.dll
      C:\Windows\system32\api-ms-win-core-rtlsupport-l1-2-0.dll
      C:\Windows\system32\ntdll.dll
      C:\Windows\system32\KERNELBASE.dll
        C:\Windows\system32\api-ms-win-core-apiquery-l1-1-0.dll
      C:\Windows\system32\api-ms-win-core-processthreads-l1-1-1.dll
      C:\Windows\system32\api-ms-win-core-registry-l1-1-0.dll
      C:\Windows\system32\api-ms-win-core-heap-l1-2-0.dll
      C:\Windows\system32\api-ms-win-core-memory-l1-1-1.dll
      C:\Windows\system32\api-ms-win-core-handle-l1-1-0.dll
      C:\Windows\system32\api-ms-win-core-synch-l1-2-0.dll
      C:\Windows\system32\api-ms-win-core-file-l1-2-0.dll
      C:\Windows\system32\api-ms-win-core-delayload-l1-1-1.dll
      C:\Windows\system32\api-ms-win-core-io-l1-1-1.dll
      C:\Windows\system32\api-ms-win-core-job-l1-1-0.dll
      C:\Windows\system32\api-ms-win-core-threadpool-legacy-l1-1-0.dll
      C:\Windows\system32\api-ms-win-core-threadpool-private-l1-1-0.dll
      C:\Windows\system32\api-ms-win-core-libraryloader-l1-1-1.dll
      C:\Windows\system32\api-ms-win-core-namedpipe-l1-2-0.dll
      C:\Windows\system32\api-ms-win-core-datetime-l1-1-1.dll
      C:\Windows\system32\api-ms-win-core-sysinfo-l1-2-0.dll
      C:\Windows\system32\api-ms-win-core-timezone-l1-1-0.dll
      C:\Windows\system32\api-ms-win-core-localization-l1-2-0.dll
      C:\Windows\system32\api-ms-win-core-processenvironment-l1-2-0.dll
      C:\Windows\system32\api-ms-win-core-string-l1-1-0.dll
      C:\Windows\system32\api-ms-win-core-debug-l1-1-1.dll
      C:\Windows\system32\api-ms-win-core-errorhandling-l1-1-1.dll
      C:\Windows\system32\api-ms-win-core-fibers-l1-1-1.dll
      C:\Windows\system32\api-ms-win-core-util-l1-1-0.dll
      C:\Windows\system32\api-ms-win-core-profile-l1-1-0.dll
      C:\Windows\system32\api-ms-win-security-base-l1-2-0.dll
      C:\Windows\system32\api-ms-win-security-appcontainer-l1-1-0.dll
      C:\Windows\system32\api-ms-win-core-comm-l1-1-0.dll
      C:\Windows\system32\api-ms-win-core-realtime-l1-1-0.dll
      C:\Windows\system32\api-ms-win-core-wow64-l1-1-0.dll
      C:\Windows\system32\api-ms-win-core-systemtopology-l1-1-0.dll
      C:\Windows\system32\api-ms-win-core-processtopology-l1-1-0.dll
      C:\Windows\system32\api-ms-win-core-namespace-l1-1-0.dll
      C:\Windows\system32\api-ms-win-core-file-l2-1-0.dll
      C:\Windows\system32\api-ms-win-core-localization-l2-1-0.dll
      C:\Windows\system32\api-ms-win-core-normalization-l1-1-0.dll
      C:\Windows\system32\api-ms-win-core-localization-private-l1-1-0.dll
      C:\Windows\system32\api-ms-win-core-sidebyside-l1-1-0.dll
      C:\Windows\system32\api-ms-win-core-appcompat-l1-1-0.dll
      C:\Windows\system32\api-ms-win-core-windowserrorreporting-l1-1-0.dll
      C:\Windows\system32\api-ms-win-core-console-l1-1-0.dll
      C:\Windows\system32\api-ms-win-core-console-l2-1-0.dll
      C:\Windows\system32\api-ms-win-core-psapi-l1-1-0.dll
      C:\Windows\system32\api-ms-win-core-psapi-ansi-l1-1-0.dll
      C:\Windows\system32\api-ms-win-core-psapi-obsolete-l1-1-0.dll
  F:\Win32Binaries\MyCygwin\bin\cygiconv-2.dll
  F:\Win32Binaries\MyCygwin\bin\cygintl-8.dll

Found: F:\Win32Binaries\MyCygwin\bin\xz.exe
Found: F:\Win32Binaries\MyCygwin\bin\xz.exe
F:\Win32Binaries\MyCygwin\bin\xz.exe
  F:\Win32Binaries\MyCygwin\bin\cyglzma-5.dll
    F:\Win32Binaries\MyCygwin\bin\cygwin1.dll
      C:\Windows\system32\KERNEL32.dll
        C:\Windows\system32\api-ms-win-core-rtlsupport-l1-2-0.dll
        C:\Windows\system32\ntdll.dll
        C:\Windows\system32\KERNELBASE.dll
          C:\Windows\system32\api-ms-win-core-apiquery-l1-1-0.dll
        C:\Windows\system32\api-ms-win-core-processthreads-l1-1-1.dll
        C:\Windows\system32\api-ms-win-core-registry-l1-1-0.dll
        C:\Windows\system32\api-ms-win-core-heap-l1-2-0.dll
        C:\Windows\system32\api-ms-win-core-memory-l1-1-1.dll
        C:\Windows\system32\api-ms-win-core-handle-l1-1-0.dll
        C:\Windows\system32\api-ms-win-core-synch-l1-2-0.dll
        C:\Windows\system32\api-ms-win-core-file-l1-2-0.dll
        C:\Windows\system32\api-ms-win-core-delayload-l1-1-1.dll
        C:\Windows\system32\api-ms-win-core-io-l1-1-1.dll
        C:\Windows\system32\api-ms-win-core-job-l1-1-0.dll
        C:\Windows\system32\api-ms-win-core-threadpool-legacy-l1-1-0.dll
        C:\Windows\system32\api-ms-win-core-threadpool-private-l1-1-0.dll
        C:\Windows\system32\api-ms-win-core-libraryloader-l1-1-1.dll
        C:\Windows\system32\api-ms-win-core-namedpipe-l1-2-0.dll
        C:\Windows\system32\api-ms-win-core-datetime-l1-1-1.dll
        C:\Windows\system32\api-ms-win-core-sysinfo-l1-2-0.dll
        C:\Windows\system32\api-ms-win-core-timezone-l1-1-0.dll
        C:\Windows\system32\api-ms-win-core-localization-l1-2-0.dll
        C:\Windows\system32\api-ms-win-core-processenvironment-l1-2-0.dll
        C:\Windows\system32\api-ms-win-core-string-l1-1-0.dll
        C:\Windows\system32\api-ms-win-core-debug-l1-1-1.dll
        C:\Windows\system32\api-ms-win-core-errorhandling-l1-1-1.dll
        C:\Windows\system32\api-ms-win-core-fibers-l1-1-1.dll
        C:\Windows\system32\api-ms-win-core-util-l1-1-0.dll
        C:\Windows\system32\api-ms-win-core-profile-l1-1-0.dll
        C:\Windows\system32\api-ms-win-security-base-l1-2-0.dll
        C:\Windows\system32\api-ms-win-security-appcontainer-l1-1-0.dll
        C:\Windows\system32\api-ms-win-core-comm-l1-1-0.dll
        C:\Windows\system32\api-ms-win-core-realtime-l1-1-0.dll
        C:\Windows\system32\api-ms-win-core-wow64-l1-1-0.dll
        C:\Windows\system32\api-ms-win-core-systemtopology-l1-1-0.dll
        C:\Windows\system32\api-ms-win-core-processtopology-l1-1-0.dll
        C:\Windows\system32\api-ms-win-core-namespace-l1-1-0.dll
        C:\Windows\system32\api-ms-win-core-file-l2-1-0.dll
        C:\Windows\system32\api-ms-win-core-localization-l2-1-0.dll
        C:\Windows\system32\api-ms-win-core-normalization-l1-1-0.dll
        C:\Windows\system32\api-ms-win-core-localization-private-l1-1-0.dll
        C:\Windows\system32\api-ms-win-core-sidebyside-l1-1-0.dll
        C:\Windows\system32\api-ms-win-core-appcompat-l1-1-0.dll
        C:\Windows\system32\api-ms-win-core-windowserrorreporting-l1-1-0.dll
        C:\Windows\system32\api-ms-win-core-console-l1-1-0.dll
        C:\Windows\system32\api-ms-win-core-console-l2-1-0.dll
        C:\Windows\system32\api-ms-win-core-psapi-l1-1-0.dll
        C:\Windows\system32\api-ms-win-core-psapi-ansi-l1-1-0.dll
        C:\Windows\system32\api-ms-win-core-psapi-obsolete-l1-1-0.dll
  F:\Win32Binaries\MyCygwin\bin\cygintl-8.dll
    F:\Win32Binaries\MyCygwin\bin\cygiconv-2.dll
